../Libs/tinyusb/src/device/usbd_control.c:38:19:dcd_edpt0_status_complete	16	static
../Libs/tinyusb/src/device/usbd_control.c:71:20:status_stage_xact	24	static
../Libs/tinyusb/src/device/usbd_control.c:78:6:tud_control_status	16	static
../Libs/tinyusb/src/device/usbd_control.c:90:13:data_stage_xact	40	static
../Libs/tinyusb/src/device/usbd_control.c:106:6:tud_control_xfer	40	static,ignoring_inline_asm
../Libs/tinyusb/src/device/usbd_control.c:132:6:usbd_control_reset	8	static
../Libs/tinyusb/src/device/usbd_control.c:137:6:usbd_control_set_complete_callback	16	static
../Libs/tinyusb/src/device/usbd_control.c:142:6:usbd_control_set_request	16	static
../Libs/tinyusb/src/device/usbd_control.c:152:6:usbd_control_xfer_cb	40	static,ignoring_inline_asm
