../Libs/tinyusb/src/device/usbd.c:48:19:tud_event_hook_cb	16	static
../Libs/tinyusb/src/device/usbd.c:52:19:tud_sof_cb	16	static
../Libs/tinyusb/src/device/usbd.c:56:29:tud_descriptor_bos_cb	4	static
../Libs/tinyusb/src/device/usbd.c:60:29:tud_descriptor_device_qualifier_cb	4	static
../Libs/tinyusb/src/device/usbd.c:64:29:tud_descriptor_other_speed_configuration_cb	16	static
../Libs/tinyusb/src/device/usbd.c:69:19:tud_mount_cb	4	static
../Libs/tinyusb/src/device/usbd.c:72:19:tud_umount_cb	4	static
../Libs/tinyusb/src/device/usbd.c:75:19:tud_suspend_cb	16	static
../Libs/tinyusb/src/device/usbd.c:79:19:tud_resume_cb	4	static
../Libs/tinyusb/src/device/usbd.c:82:19:tud_vendor_control_xfer_cb	16	static
../Libs/tinyusb/src/device/usbd.c:87:19:dcd_deinit	16	static
../Libs/tinyusb/src/device/usbd.c:92:19:dcd_connect	16	static
../Libs/tinyusb/src/device/usbd.c:96:19:dcd_disconnect	16	static
../Libs/tinyusb/src/device/usbd.c:100:19:dcd_dcache_clean	16	static
../Libs/tinyusb/src/device/usbd.c:105:19:dcd_dcache_invalidate	16	static
../Libs/tinyusb/src/device/usbd.c:110:19:dcd_dcache_clean_invalidate	16	static
../Libs/tinyusb/src/device/usbd.c:418:14:tud_speed_get	4	static
../Libs/tinyusb/src/device/usbd.c:422:6:tud_connected	4	static
../Libs/tinyusb/src/device/usbd.c:426:6:tud_mounted	4	static
../Libs/tinyusb/src/device/usbd.c:430:6:tud_suspended	4	static
../Libs/tinyusb/src/device/usbd.c:434:6:tud_remote_wakeup	8	static
../Libs/tinyusb/src/device/usbd.c:441:6:tud_disconnect	8	static
../Libs/tinyusb/src/device/usbd.c:446:6:tud_connect	8	static
../Libs/tinyusb/src/device/usbd.c:451:6:tud_sof_cb_enable	16	static
../Libs/tinyusb/src/device/usbd.c:458:6:tud_inited	4	static
../Libs/tinyusb/src/device/usbd.c:462:6:tud_rhport_init	56	static,ignoring_inline_asm
../Libs/tinyusb/src/device/usbd.c:510:6:tud_deinit	40	static
../Libs/tinyusb/src/device/usbd.c:546:13:configuration_reset	40	static,ignoring_inline_asm
../Libs/tinyusb/src/device/usbd.c:558:13:usbd_reset	16	static
../Libs/tinyusb/src/device/usbd.c:563:6:tud_task_event_ready	16	static
../Libs/tinyusb/src/device/usbd.c:583:6:tud_task_ext	88	static,ignoring_inline_asm
../Libs/tinyusb/src/device/usbd.c:714:13:invoke_class_control	24	static
../Libs/tinyusb/src/device/usbd.c:722:13:process_control_request	112	static,ignoring_inline_asm
../Libs/tinyusb/src/device/usbd.c:978:13:process_set_config	96	static,ignoring_inline_asm
../Libs/tinyusb/src/device/usbd.c:1078:13:process_get_descriptor	88	static,ignoring_inline_asm
../Libs/tinyusb/src/device/usbd.c:1171:24:dcd_event_handler	136	static,ignoring_inline_asm
../Libs/tinyusb/src/device/usbd.c:1244:6:usbd_int_set	16	static
../Libs/tinyusb/src/device/usbd.c:1256:6:usbd_open_edpt_pair	48	static,ignoring_inline_asm
../Libs/tinyusb/src/device/usbd.c:1280:6:usbd_defer_func	64	static,ignoring_inline_asm
../Libs/tinyusb/src/device/usbd.c:1295:6:usbd_edpt_open	32	static,ignoring_inline_asm
../Libs/tinyusb/src/device/usbd.c:1304:6:usbd_edpt_claim	32	static
../Libs/tinyusb/src/device/usbd.c:1317:6:usbd_edpt_release	32	static
../Libs/tinyusb/src/device/usbd.c:1327:6:usbd_edpt_xfer	32	static,ignoring_inline_asm
../Libs/tinyusb/src/device/usbd.c:1366:6:usbd_edpt_xfer_fifo	32	static,ignoring_inline_asm
../Libs/tinyusb/src/device/usbd.c:1394:6:usbd_edpt_busy	24	static
../Libs/tinyusb/src/device/usbd.c:1403:6:usbd_edpt_stall	24	static
../Libs/tinyusb/src/device/usbd.c:1416:6:usbd_edpt_clear_stall	24	static
../Libs/tinyusb/src/device/usbd.c:1429:6:usbd_edpt_stalled	24	static
../Libs/tinyusb/src/device/usbd.c:1442:6:usbd_edpt_close	16	static
../Libs/tinyusb/src/device/usbd.c:1463:6:usbd_sof_enable	24	static
../Libs/tinyusb/src/device/usbd.c:1480:6:usbd_edpt_iso_alloc	24	static,ignoring_inline_asm
../Libs/tinyusb/src/device/usbd.c:1492:6:usbd_edpt_iso_activate	32	static,ignoring_inline_asm
