../Core/Inc/my_print.h:44:20:my_printf	272	static
../Core/Src/main.c:91:6:tud_mount_cb	4	static
../Core/Src/main.c:96:6:tud_umount_cb	4	static
../Core/Src/main.c:103:6:HAL_GPIO_EXTI_Callback	24	static
../Core/Src/main.c:127:5:main	48	static
../Core/Src/main.c:235:6:SystemClock_Config	120	static
../Core/Src/main.c:294:13:MX_I2C1_Init	8	static
../Core/Src/main.c:342:13:MX_I2S1_Init	8	static
../Core/Src/main.c:378:13:MX_LPUART1_UART_Init	8	static
../Core/Src/main.c:426:13:MX_UART5_Init	8	static
../Core/Src/main.c:474:13:MX_SDMMC1_SD_Init	4	static
../Core/Src/main.c:501:13:MX_SPI4_Init	8	static
../Core/Src/main.c:549:13:MX_TIM2_Init	64	static
../Core/Src/main.c:612:13:MX_USB_OTG_HS_PCD_Init	8	static
../Core/Src/main.c:646:13:MX_DMA_Init	16	static
../Core/Src/main.c:664:13:MX_GPIO_Init	56	static
../Core/Src/main.c:726:6:Error_Handler	4	static,ignoring_inline_asm
