../Core/Inc/my_print.h:44:20:my_printf	272	static
../Core/Src/mic.c:21:6:sd_init	8	static
../Core/Src/mic.c:46:5:get_next_audio_filename	88	static
../Core/Src/mic.c:72:6:list_directory	232	static
../Core/Src/mic.c:121:6:HAL_I2S_RxHalfCpltCallback	16	static
../Core/Src/mic.c:126:6:HAL_I2S_RxCpltCallback	16	static
../Core/Src/mic.c:131:6:write_wav_header	64	static
../Core/Src/mic.c:150:6:write_mel_spec_data	32	static
../Core/Src/mic.c:160:6:start_audio_recording	32	static
../Core/Src/mic.c:230:5:record_and_convert	16	static
