../Core/Src/stm32h7xx_hal_msp.c:66:6:HAL_MspInit	16	static
../Core/Src/stm32h7xx_hal_msp.c:88:6:HAL_I2C_MspInit	232	static
../Core/Src/stm32h7xx_hal_msp.c:135:6:HAL_I2C_MspDeInit	16	static
../Core/Src/stm32h7xx_hal_msp.c:166:6:HAL_I2S_MspInit	232	static
../Core/Src/stm32h7xx_hal_msp.c:242:6:HAL_I2S_MspDeInit	16	static
../Core/Src/stm32h7xx_hal_msp.c:274:6:HAL_UART_MspInit	240	static
../Core/Src/stm32h7xx_hal_msp.c:355:6:HAL_UART_MspDeInit	16	static
../Core/Src/stm32h7xx_hal_msp.c:402:6:HAL_SD_MspInit	240	static
../Core/Src/stm32h7xx_hal_msp.c:463:6:HAL_SD_MspDeInit	16	static
../Core/Src/stm32h7xx_hal_msp.c:499:6:HAL_SPI_MspInit	232	static
../Core/Src/stm32h7xx_hal_msp.c:548:6:HAL_SPI_MspDeInit	16	static
../Core/Src/stm32h7xx_hal_msp.c:578:6:HAL_TIM_Base_MspInit	24	static
../Core/Src/stm32h7xx_hal_msp.c:595:6:HAL_TIM_MspPostInit	40	static
../Core/Src/stm32h7xx_hal_msp.c:628:6:HAL_TIM_Base_MspDeInit	16	static
../Core/Src/stm32h7xx_hal_msp.c:650:6:HAL_PCD_MspInit	208	static
../Core/Src/stm32h7xx_hal_msp.c:691:6:HAL_PCD_MspDeInit	16	static
