../Core/Inc/my_print.h:44:20:my_printf	272	static
../Core/Src/vl53l0x.c:86:6:i2c_set_slave_address	16	static
../Core/Src/vl53l0x.c:90:6:i2c_read_addr8_data8	24	static
../Core/Src/vl53l0x.c:102:6:i2c_read_addr8_data16	32	static
../Core/Src/vl53l0x.c:116:6:i2c_write_addr8_data8	32	static
../Core/Src/vl53l0x.c:125:6:i2c_read_addr8_data32	32	static
../Core/Src/vl53l0x.c:139:6:i2c_write_addr8_bytes	56	dynamic
../Core/Src/vl53l0x.c:151:6:i2c_read_addr8_bytes	24	static
../Core/Src/vl53l0x.c:168:13:device_is_booted	16	static
../Core/Src/vl53l0x.c:184:13:data_init	16	static
../Core/Src/vl53l0x.c:217:13:read_strobe	16	static
../Core/Src/vl53l0x.c:249:13:get_spad_info_from_nvm	32	static
../Core/Src/vl53l0x.c:341:13:set_spads_from_nvm	56	static
../Core/Src/vl53l0x.c:411:13:load_default_tuning_settings	16	static
../Core/Src/vl53l0x.c:496:13:configure_interrupt	16	static
../Core/Src/vl53l0x.c:523:13:set_sequence_steps_enabled	16	static
../Core/Src/vl53l0x.c:531:13:static_init	8	static
../Core/Src/vl53l0x.c:554:13:perform_single_ref_calibration	24	static
../Core/Src/vl53l0x.c:598:13:perform_ref_calibration	8	static
../Core/Src/vl53l0x.c:615:13:configure_address	16	static
../Core/Src/vl53l0x.c:624:13:set_hardware_standby	16	static
../Core/Src/vl53l0x.c:636:13:configure_gpio	8	static
../Core/Src/vl53l0x.c:653:13:init_address	16	static
../Core/Src/vl53l0x.c:677:13:init_addresses	8	static
../Core/Src/vl53l0x.c:699:13:init_config	16	static
../Core/Src/vl53l0x.c:714:6:vl53l0x_init	8	static
../Core/Src/vl53l0x.c:736:6:vl53l0x_read_range_single	24	static
