../Drivers/CMSIS/Include/core_cm7.h:1902:22:__NVIC_EnableIRQ	16	static,ignoring_inline_asm
../Drivers/CMSIS/Include/core_cm7.h:1940:22:__NVIC_DisableIRQ	16	static,ignoring_inline_asm
../Libs/tinyusb/src/portable/synopsys/dwc2/dcd_dwc2.c:108:13:dma_setup_prepare	24	static
../Libs/tinyusb/src/portable/synopsys/dwc2/dcd_dwc2.c:174:13:dfifo_alloc	72	static,ignoring_inline_asm
../Libs/tinyusb/src/portable/synopsys/dwc2/dcd_dwc2.c:222:13:dfifo_device_init	40	static
../Libs/tinyusb/src/portable/synopsys/dwc2/dcd_dwc2.c:243:13:edpt_activate	48	static
../Libs/tinyusb/src/portable/synopsys/dwc2/dcd_dwc2.c:274:13:edpt_disable	40	static
../Libs/tinyusb/src/portable/synopsys/dwc2/dcd_dwc2.c:324:13:edpt_schedule_packets	64	static
../Libs/tinyusb/src/portable/synopsys/dwc2/dcd_dwc2.c:394:6:dcd_init	48	static,ignoring_inline_asm
../Libs/tinyusb/src/portable/synopsys/dwc2/dcd_dwc2.c:444:6:dcd_int_enable	24	static
../Libs/tinyusb/src/portable/synopsys/dwc2/dcd_dwc2.c:448:6:dcd_int_disable	24	static
../Libs/tinyusb/src/portable/synopsys/dwc2/dcd_dwc2.c:452:6:dcd_set_address	24	static
../Libs/tinyusb/src/portable/synopsys/dwc2/dcd_dwc2.c:460:6:dcd_remote_wakeup	32	static,ignoring_inline_asm
../Libs/tinyusb/src/portable/synopsys/dwc2/dcd_dwc2.c:478:6:dcd_connect	24	static
../Libs/tinyusb/src/portable/synopsys/dwc2/dcd_dwc2.c:495:6:dcd_disconnect	24	static
../Libs/tinyusb/src/portable/synopsys/dwc2/dcd_dwc2.c:513:6:dcd_sof_enable	24	static
../Libs/tinyusb/src/portable/synopsys/dwc2/dcd_dwc2.c:531:6:dcd_edpt_open	24	static,ignoring_inline_asm
../Libs/tinyusb/src/portable/synopsys/dwc2/dcd_dwc2.c:538:6:dcd_edpt_close_all	48	static
../Libs/tinyusb/src/portable/synopsys/dwc2/dcd_dwc2.c:563:6:dcd_edpt_iso_alloc	24	static,ignoring_inline_asm
../Libs/tinyusb/src/portable/synopsys/dwc2/dcd_dwc2.c:568:6:dcd_edpt_iso_activate	16	static
../Libs/tinyusb/src/portable/synopsys/dwc2/dcd_dwc2.c:575:6:dcd_edpt_xfer	32	static
../Libs/tinyusb/src/portable/synopsys/dwc2/dcd_dwc2.c:599:6:dcd_edpt_xfer_fifo	32	static,ignoring_inline_asm
../Libs/tinyusb/src/portable/synopsys/dwc2/dcd_dwc2.c:618:6:dcd_edpt_stall	32	static
../Libs/tinyusb/src/portable/synopsys/dwc2/dcd_dwc2.c:626:6:dcd_edpt_clear_stall	32	static
../Libs/tinyusb/src/portable/synopsys/dwc2/dcd_dwc2.c:642:13:handle_bus_reset	48	static
../Libs/tinyusb/src/portable/synopsys/dwc2/dcd_dwc2.c:692:13:handle_enum_done	40	static
../Libs/tinyusb/src/portable/synopsys/dwc2/dcd_dwc2.c:735:13:handle_rxflvl_irq	56	static
../Libs/tinyusb/src/portable/synopsys/dwc2/dcd_dwc2.c:801:13:handle_epout_slave	64	static
../Libs/tinyusb/src/portable/synopsys/dwc2/dcd_dwc2.c:825:13:handle_epin_slave	72	static
../Libs/tinyusb/src/portable/synopsys/dwc2/dcd_dwc2.c:930:13:handle_ep_irq	48	static
../Libs/tinyusb/src/portable/synopsys/dwc2/dcd_dwc2.c:984:6:dcd_int_handler	104	static
